// Jest Snapshot v1, https://goo.gl/fbAQLP

exports[`<PictureOfTheDay /> Should render correctly 1`] = `
<Component>
  <Provider
    store={
      Object {
        "dispatch": [Function],
        "getState": [Function],
        "replaceReducer": [Function],
        "subscribe": [Function],
        Symbol(observable): [Function],
      }
    }
  >
    <PersistGate
      loading={null}
      persistor={
        Object {
          "dispatch": [Function],
          "flush": [Function],
          "getState": [Function],
          "pause": [Function],
          "persist": [Function],
          "purge": [Function],
          "replaceReducer": [Function],
          "subscribe": [Function],
          Symbol(observable): [Function],
        }
      }
    />
  </Provider>
</Component>
`;
